[2024-06-06T14:20:01.700+0600][gc,heap] Heap region size: 1M
[2024-06-06T14:20:01.707+0600][gc     ] Using G1
[2024-06-06T14:20:01.707+0600][gc,heap,coops] Heap address: 0x00000007c0000000, size: 1024 MB, Compressed Oops mode: Zero based, Oop shift amount: 3
[2024-06-06T14:20:02.611+0600][gc,start     ] GC(0) Pause Young (Concurrent Start) (Metadata GC Threshold)
[2024-06-06T14:20:02.611+0600][gc,task      ] GC(0) Using 13 workers of 13 for evacuation
[2024-06-06T14:20:02.618+0600][gc,phases    ] GC(0)   Pre Evacuate Collection Set: 0.0ms
[2024-06-06T14:20:02.618+0600][gc,phases    ] GC(0)   Evacuate Collection Set: 6.1ms
[2024-06-06T14:20:02.618+0600][gc,phases    ] GC(0)   Post Evacuate Collection Set: 0.4ms
[2024-06-06T14:20:02.618+0600][gc,phases    ] GC(0)   Other: 0.8ms
[2024-06-06T14:20:02.618+0600][gc,heap      ] GC(0) Eden regions: 48->0(44)
[2024-06-06T14:20:02.618+0600][gc,heap      ] GC(0) Survivor regions: 0->7(7)
[2024-06-06T14:20:02.618+0600][gc,heap      ] GC(0) Old regions: 0->1
[2024-06-06T14:20:02.618+0600][gc,heap      ] GC(0) Humongous regions: 0->0
[2024-06-06T14:20:02.618+0600][gc,metaspace ] GC(0) Metaspace: 20751K->20751K(1069056K)
[2024-06-06T14:20:02.618+0600][gc           ] GC(0) Pause Young (Concurrent Start) (Metadata GC Threshold) 47M->7M(1024M) 7.537ms
[2024-06-06T14:20:02.618+0600][gc,cpu       ] GC(0) User=0.01s Sys=0.01s Real=0.00s
[2024-06-06T14:20:02.618+0600][gc           ] GC(1) Concurrent Cycle
[2024-06-06T14:20:02.618+0600][gc,marking   ] GC(1) Concurrent Clear Claimed Marks
[2024-06-06T14:20:02.618+0600][gc,marking   ] GC(1) Concurrent Clear Claimed Marks 0.017ms
[2024-06-06T14:20:02.618+0600][gc,marking   ] GC(1) Concurrent Scan Root Regions
[2024-06-06T14:20:02.620+0600][gc,marking   ] GC(1) Concurrent Scan Root Regions 1.433ms
[2024-06-06T14:20:02.620+0600][gc,marking   ] GC(1) Concurrent Mark (0.927s)
[2024-06-06T14:20:02.620+0600][gc,marking   ] GC(1) Concurrent Mark From Roots
[2024-06-06T14:20:02.620+0600][gc,task      ] GC(1) Using 3 workers of 3 for marking
[2024-06-06T14:20:02.621+0600][gc,marking   ] GC(1) Concurrent Mark From Roots 0.689ms
[2024-06-06T14:20:02.621+0600][gc,marking   ] GC(1) Concurrent Preclean
[2024-06-06T14:20:02.621+0600][gc,marking   ] GC(1) Concurrent Preclean 0.035ms
[2024-06-06T14:20:02.621+0600][gc,marking   ] GC(1) Concurrent Mark (0.927s, 0.928s) 0.780ms
[2024-06-06T14:20:02.621+0600][gc,start     ] GC(1) Pause Remark
[2024-06-06T14:20:02.623+0600][gc,stringtable] GC(1) Cleaned string and symbol table, strings: 7678 processed, 0 removed, symbols: 65184 processed, 41 removed
[2024-06-06T14:20:02.623+0600][gc            ] GC(1) Pause Remark 8M->8M(1024M) 1.977ms
[2024-06-06T14:20:02.623+0600][gc,cpu        ] GC(1) User=0.02s Sys=0.01s Real=0.00s
[2024-06-06T14:20:02.623+0600][gc,marking    ] GC(1) Concurrent Rebuild Remembered Sets
[2024-06-06T14:20:02.624+0600][gc,marking    ] GC(1) Concurrent Rebuild Remembered Sets 0.399ms
[2024-06-06T14:20:02.624+0600][gc,start      ] GC(1) Pause Cleanup
[2024-06-06T14:20:02.624+0600][gc            ] GC(1) Pause Cleanup 8M->8M(1024M) 0.139ms
[2024-06-06T14:20:02.624+0600][gc,cpu        ] GC(1) User=0.00s Sys=0.00s Real=0.00s
[2024-06-06T14:20:02.624+0600][gc,marking    ] GC(1) Concurrent Cleanup for Next Mark
[2024-06-06T14:20:02.628+0600][gc,marking    ] GC(1) Concurrent Cleanup for Next Mark 4.071ms
[2024-06-06T14:20:02.628+0600][gc            ] GC(1) Concurrent Cycle 9.641ms
[2024-06-06T14:20:03.835+0600][gc,start      ] GC(2) Pause Young (Normal) (G1 Evacuation Pause)
[2024-06-06T14:20:03.835+0600][gc,task       ] GC(2) Using 13 workers of 13 for evacuation
[2024-06-06T14:20:03.841+0600][gc,phases     ] GC(2)   Pre Evacuate Collection Set: 0.0ms
[2024-06-06T14:20:03.841+0600][gc,phases     ] GC(2)   Evacuate Collection Set: 5.0ms
[2024-06-06T14:20:03.841+0600][gc,phases     ] GC(2)   Post Evacuate Collection Set: 0.5ms
[2024-06-06T14:20:03.841+0600][gc,phases     ] GC(2)   Other: 0.2ms
[2024-06-06T14:20:03.841+0600][gc,heap       ] GC(2) Eden regions: 44->0(49)
[2024-06-06T14:20:03.841+0600][gc,heap       ] GC(2) Survivor regions: 7->2(7)
[2024-06-06T14:20:03.841+0600][gc,heap       ] GC(2) Old regions: 1->8
[2024-06-06T14:20:03.841+0600][gc,heap       ] GC(2) Humongous regions: 0->0
[2024-06-06T14:20:03.841+0600][gc,metaspace  ] GC(2) Metaspace: 29862K->29862K(1075200K)
[2024-06-06T14:20:03.841+0600][gc            ] GC(2) Pause Young (Normal) (G1 Evacuation Pause) 51M->9M(1024M) 5.906ms
[2024-06-06T14:20:03.841+0600][gc,cpu        ] GC(2) User=0.04s Sys=0.01s Real=0.01s
[2024-06-06T14:20:04.167+0600][gc,start      ] GC(3) Pause Young (Concurrent Start) (Metadata GC Threshold)
[2024-06-06T14:20:04.167+0600][gc,task       ] GC(3) Using 13 workers of 13 for evacuation
[2024-06-06T14:20:04.169+0600][gc,phases     ] GC(3)   Pre Evacuate Collection Set: 0.0ms
[2024-06-06T14:20:04.169+0600][gc,phases     ] GC(3)   Evacuate Collection Set: 2.0ms
[2024-06-06T14:20:04.169+0600][gc,phases     ] GC(3)   Post Evacuate Collection Set: 0.2ms
[2024-06-06T14:20:04.169+0600][gc,phases     ] GC(3)   Other: 0.2ms
[2024-06-06T14:20:04.169+0600][gc,heap       ] GC(3) Eden regions: 27->0(48)
[2024-06-06T14:20:04.169+0600][gc,heap       ] GC(3) Survivor regions: 2->3(7)
[2024-06-06T14:20:04.169+0600][gc,heap       ] GC(3) Old regions: 8->8
[2024-06-06T14:20:04.169+0600][gc,heap       ] GC(3) Humongous regions: 129->129
[2024-06-06T14:20:04.169+0600][gc,metaspace  ] GC(3) Metaspace: 34748K->34748K(1081344K)
[2024-06-06T14:20:04.169+0600][gc            ] GC(3) Pause Young (Concurrent Start) (Metadata GC Threshold) 164M->139M(1024M) 2.556ms
[2024-06-06T14:20:04.169+0600][gc,cpu        ] GC(3) User=0.02s Sys=0.00s Real=0.00s
[2024-06-06T14:20:04.169+0600][gc            ] GC(4) Concurrent Cycle
[2024-06-06T14:20:04.169+0600][gc,marking    ] GC(4) Concurrent Clear Claimed Marks
[2024-06-06T14:20:04.169+0600][gc,marking    ] GC(4) Concurrent Clear Claimed Marks 0.029ms
[2024-06-06T14:20:04.169+0600][gc,marking    ] GC(4) Concurrent Scan Root Regions
[2024-06-06T14:20:04.170+0600][gc,marking    ] GC(4) Concurrent Scan Root Regions 0.834ms
[2024-06-06T14:20:04.170+0600][gc,marking    ] GC(4) Concurrent Mark (2.477s)
[2024-06-06T14:20:04.170+0600][gc,marking    ] GC(4) Concurrent Mark From Roots
[2024-06-06T14:20:04.170+0600][gc,task       ] GC(4) Using 3 workers of 3 for marking
[2024-06-06T14:20:04.172+0600][gc,marking    ] GC(4) Concurrent Mark From Roots 2.327ms
[2024-06-06T14:20:04.172+0600][gc,marking    ] GC(4) Concurrent Preclean
[2024-06-06T14:20:04.172+0600][gc,marking    ] GC(4) Concurrent Preclean 0.059ms
[2024-06-06T14:20:04.172+0600][gc,marking    ] GC(4) Concurrent Mark (2.477s, 2.479s) 2.435ms
[2024-06-06T14:20:04.173+0600][gc,start      ] GC(4) Pause Remark
[2024-06-06T14:20:04.174+0600][gc,stringtable] GC(4) Cleaned string and symbol table, strings: 12861 processed, 12 removed, symbols: 100801 processed, 32 removed
[2024-06-06T14:20:04.175+0600][gc            ] GC(4) Pause Remark 140M->140M(1024M) 2.034ms
[2024-06-06T14:20:04.175+0600][gc,cpu        ] GC(4) User=0.01s Sys=0.00s Real=0.00s
[2024-06-06T14:20:04.175+0600][gc,marking    ] GC(4) Concurrent Rebuild Remembered Sets
[2024-06-06T14:20:04.177+0600][gc,marking    ] GC(4) Concurrent Rebuild Remembered Sets 1.867ms
[2024-06-06T14:20:04.177+0600][gc,start      ] GC(4) Pause Cleanup
[2024-06-06T14:20:04.177+0600][gc            ] GC(4) Pause Cleanup 140M->140M(1024M) 0.174ms
[2024-06-06T14:20:04.177+0600][gc,cpu        ] GC(4) User=0.00s Sys=0.00s Real=0.00s
[2024-06-06T14:20:04.177+0600][gc,marking    ] GC(4) Concurrent Cleanup for Next Mark
[2024-06-06T14:20:04.182+0600][gc,marking    ] GC(4) Concurrent Cleanup for Next Mark 4.756ms
[2024-06-06T14:20:04.182+0600][gc            ] GC(4) Concurrent Cycle 12.895ms
[2024-06-06T14:20:04.705+0600][gc,start      ] GC(5) Pause Young (Normal) (G1 Evacuation Pause)
[2024-06-06T14:20:04.705+0600][gc,task       ] GC(5) Using 13 workers of 13 for evacuation
[2024-06-06T14:20:04.709+0600][gc,phases     ] GC(5)   Pre Evacuate Collection Set: 0.0ms
[2024-06-06T14:20:04.709+0600][gc,phases     ] GC(5)   Evacuate Collection Set: 3.9ms
[2024-06-06T14:20:04.709+0600][gc,phases     ] GC(5)   Post Evacuate Collection Set: 0.3ms
[2024-06-06T14:20:04.710+0600][gc,phases     ] GC(5)   Other: 0.2ms
[2024-06-06T14:20:04.710+0600][gc,heap       ] GC(5) Eden regions: 48->0(44)
[2024-06-06T14:20:04.710+0600][gc,heap       ] GC(5) Survivor regions: 3->7(7)
[2024-06-06T14:20:04.710+0600][gc,heap       ] GC(5) Old regions: 8->8
[2024-06-06T14:20:04.710+0600][gc,heap       ] GC(5) Humongous regions: 129->129
[2024-06-06T14:20:04.710+0600][gc,metaspace  ] GC(5) Metaspace: 42789K->42789K(1087488K)
[2024-06-06T14:20:04.710+0600][gc            ] GC(5) Pause Young (Normal) (G1 Evacuation Pause) 187M->143M(1024M) 4.561ms
[2024-06-06T14:20:04.710+0600][gc,cpu        ] GC(5) User=0.05s Sys=0.00s Real=0.01s
[2024-06-06T14:21:24.470+0600][gc,start      ] GC(6) Pause Young (Normal) (G1 Evacuation Pause)
[2024-06-06T14:21:24.470+0600][gc,task       ] GC(6) Using 13 workers of 13 for evacuation
[2024-06-06T14:21:24.476+0600][gc,phases     ] GC(6)   Pre Evacuate Collection Set: 0.0ms
[2024-06-06T14:21:24.476+0600][gc,phases     ] GC(6)   Evacuate Collection Set: 5.4ms
[2024-06-06T14:21:24.476+0600][gc,phases     ] GC(6)   Post Evacuate Collection Set: 0.6ms
[2024-06-06T14:21:24.476+0600][gc,phases     ] GC(6)   Other: 0.2ms
[2024-06-06T14:21:24.476+0600][gc,heap       ] GC(6) Eden regions: 44->0(48)
[2024-06-06T14:21:24.476+0600][gc,heap       ] GC(6) Survivor regions: 7->3(7)
[2024-06-06T14:21:24.476+0600][gc,heap       ] GC(6) Old regions: 8->14
[2024-06-06T14:21:24.476+0600][gc,heap       ] GC(6) Humongous regions: 129->129
[2024-06-06T14:21:24.476+0600][gc,metaspace  ] GC(6) Metaspace: 50253K->50253K(1093632K)
[2024-06-06T14:21:24.476+0600][gc            ] GC(6) Pause Young (Normal) (G1 Evacuation Pause) 187M->145M(1024M) 6.246ms
[2024-06-06T14:21:24.476+0600][gc,cpu        ] GC(6) User=0.05s Sys=0.02s Real=0.00s
