[2024-06-06T14:19:25.678+0600][gc,heap] Heap region size: 1M
[2024-06-06T14:19:25.682+0600][gc     ] Using G1
[2024-06-06T14:19:25.682+0600][gc,heap,coops] Heap address: 0x00000007e0000000, size: 512 MB, Compressed Oops mode: Zero based, Oop shift amount: 3
[2024-06-06T14:19:26.288+0600][gc,start     ] GC(0) Pause Young (Normal) (G1 Evacuation Pause)
[2024-06-06T14:19:26.289+0600][gc,task      ] GC(0) Using 12 workers of 13 for evacuation
[2024-06-06T14:19:26.296+0600][gc,phases    ] GC(0)   Pre Evacuate Collection Set: 0.0ms
[2024-06-06T14:19:26.296+0600][gc,phases    ] GC(0)   Evacuate Collection Set: 7.2ms
[2024-06-06T14:19:26.296+0600][gc,phases    ] GC(0)   Post Evacuate Collection Set: 0.3ms
[2024-06-06T14:19:26.296+0600][gc,phases    ] GC(0)   Other: 0.6ms
[2024-06-06T14:19:26.296+0600][gc,heap      ] GC(0) Eden regions: 25->0(21)
[2024-06-06T14:19:26.296+0600][gc,heap      ] GC(0) Survivor regions: 0->4(4)
[2024-06-06T14:19:26.296+0600][gc,heap      ] GC(0) Old regions: 0->5
[2024-06-06T14:19:26.296+0600][gc,heap      ] GC(0) Humongous regions: 0->0
[2024-06-06T14:19:26.296+0600][gc,metaspace ] GC(0) Metaspace: 14332K->14332K(1062912K)
[2024-06-06T14:19:26.296+0600][gc           ] GC(0) Pause Young (Normal) (G1 Evacuation Pause) 25M->8M(512M) 8.258ms
[2024-06-06T14:19:26.296+0600][gc,cpu       ] GC(0) User=0.05s Sys=0.02s Real=0.01s
