[2024-06-06T14:25:42.161+0600][gc,heap] Heap region size: 1M
[2024-06-06T14:25:42.165+0600][gc     ] Using G1
[2024-06-06T14:25:42.165+0600][gc,heap,coops] Heap address: 0x00000007e0000000, size: 512 MB, Compressed Oops mode: Zero based, Oop shift amount: 3
[2024-06-06T14:25:42.576+0600][gc,start     ] GC(0) Pause Young (Normal) (G1 Evacuation Pause)
[2024-06-06T14:25:42.577+0600][gc,task      ] GC(0) Using 12 workers of 13 for evacuation
[2024-06-06T14:25:42.583+0600][gc,phases    ] GC(0)   Pre Evacuate Collection Set: 0.0ms
[2024-06-06T14:25:42.583+0600][gc,phases    ] GC(0)   Evacuate Collection Set: 5.8ms
[2024-06-06T14:25:42.583+0600][gc,phases    ] GC(0)   Post Evacuate Collection Set: 0.4ms
[2024-06-06T14:25:42.583+0600][gc,phases    ] GC(0)   Other: 1.0ms
[2024-06-06T14:25:42.583+0600][gc,heap      ] GC(0) Eden regions: 25->0(21)
[2024-06-06T14:25:42.583+0600][gc,heap      ] GC(0) Survivor regions: 0->4(4)
[2024-06-06T14:25:42.583+0600][gc,heap      ] GC(0) Old regions: 0->5
[2024-06-06T14:25:42.583+0600][gc,heap      ] GC(0) Humongous regions: 0->0
[2024-06-06T14:25:42.584+0600][gc,metaspace ] GC(0) Metaspace: 14358K->14358K(1062912K)
[2024-06-06T14:25:42.584+0600][gc           ] GC(0) Pause Young (Normal) (G1 Evacuation Pause) 25M->8M(512M) 7.330ms
[2024-06-06T14:25:42.584+0600][gc,cpu       ] GC(0) User=0.04s Sys=0.03s Real=0.01s
